#!/usr/bin/env bash

# Licensed to Datalayer (http://datalayer.io) under one or more
# contributor license agreements.  See the NOTICE file
# distributed with this work for additional information
# regarding copyright ownership. Datalayer licenses this file
# to you under the Apache License, Version 2.0 (the 
# "License"); you may not use this file except in compliance
# with the License.  You may obtain a copy of the License at
#
#   http://www.apache.org/licenses/LICENSE-2.0
#
# Unless required by applicable law or agreed to in writing,
# software distributed under the License is distributed on an
# "AS IS" BASIS, WITHOUT WARRANTIES OR CONDITIONS OF ANY
# KIND, either express or implied.  See the License for the
# specific language governing permissions and limitations
# under the License.

echo -e $BOLD$YELLOW"Datalayer Zeppelin Help"$NOCOLOR$NOBOLD

echo -e $GREEN"""
$ cd $ZEPPELIN_HOME/zeppelin-web
$ SERVER_PORT=9000 yarn run dev:helium
$ firefox http://localhost:9000

$ cd $ZEPPELIN_HOME/local-repo/helium-bundle
$ node/node node_modules/webpack/bin/webpack.js --display-error-details --json

$ webpack --profile --json > stats.json
    (node.js API: { profile: true } and stats.toJson())
    Go to http://webpack.github.io/analyse/#modules
    Load your stats file (It's not uploaded, the analyse tools is a client only tool).
    Wait a bit until the graph has been stabilized.
    Screenshot and cut the graph area.

$ cd helium-bundle; npm run bundle --registry=http://registry.npmjs.org/'
"""$NOCOLOR
